// Jest Snapshot v1, https://goo.gl/fbAQLP

exports[`renders 1`] = `
<RCTScrollView
  data={
    Array [
      Object {
        "biography": "Dangling round in the wrong places.",
        "image": "bob_agg.png",
        "name": "Bob Agg",
      },
      Object {
        "biography": "Sleak up top.",
        "image": "garry_baldy.gif",
        "name": "Garry Baldy",
      },
      Object {
        "biography": "Making you laugh!",
        "image": "tessa_tickle.jpg",
        "name": "Tessa Tickle",
      },
    ]
  }
  disableVirtualization={false}
  getItem={[Function]}
  getItemCount={[Function]}
  horizontal={false}
  initialNumToRender={10}
  keyExtractor={[Function]}
  maxToRenderPerBatch={10}
  onContentSizeChange={[Function]}
  onEndReachedThreshold={2}
  onLayout={[Function]}
  onMomentumScrollEnd={[Function]}
  onScroll={[Function]}
  onScrollBeginDrag={[Function]}
  onScrollEndDrag={[Function]}
  removeClippedSubviews={false}
  renderItem={[Function]}
  scrollEventThrottle={50}
  stickyHeaderIndices={Array []}
  updateCellsBatchingPeriod={50}
  viewabilityConfigCallbackPairs={Array []}
  windowSize={21}
>
  <View>
    <View
      onLayout={[Function]}
      style={null}
    >
      <View
        accessible={true}
        focusable={true}
        onClick={[Function]}
        onResponderGrant={[Function]}
        onResponderMove={[Function]}
        onResponderRelease={[Function]}
        onResponderTerminate={[Function]}
        onResponderTerminationRequest={[Function]}
        onStartShouldSetResponder={[Function]}
        style={
          Array [
            false,
            Array [
              Object {
                "padding": 8,
              },
              undefined,
            ],
          ]
        }
      >
        <View
          style={
            Object {
              "flexDirection": "row",
            }
          }
        >
          <View
            pointerEvents="box-none"
            style={
              Array [
                Object {
                  "alignItems": "center",
                  "height": 40,
                  "justifyContent": "center",
                  "margin": 8,
                  "width": 40,
                },
                undefined,
              ]
            }
          >
            <Image
              accessibilityElementsHidden={true}
              importantForAccessibility="no-hide-descendants"
              source={
                Object {
                  "uri": "bob_agg.png",
                }
              }
              style={
                Array [
                  Object {
                    "transform": Array [
                      Object {
                        "scaleX": 1,
                      },
                    ],
                  },
                  Object {
                    "height": 24,
                    "resizeMode": "contain",
                    "tintColor": undefined,
                    "width": 24,
                  },
                ]
              }
            />
          </View>
          <View
            style={
              Array [
                Object {
                  "marginVertical": 6,
                  "paddingLeft": 8,
                },
                Object {
                  "flex": 1,
                  "justifyContent": "center",
                },
              ]
            }
          >
            <Text
              numberOfLines={1}
              style={
                Array [
                  Object {
                    "color": "#000000",
                    "fontFamily": "System",
                    "fontWeight": "400",
                    "textAlign": "left",
                  },
                  Array [
                    Object {
                      "fontSize": 16,
                    },
                    Object {
                      "color": "rgba(0, 0, 0, 0.87)",
                    },
                    undefined,
                  ],
                ]
              }
            >
              Bob Agg
            </Text>
          </View>
        </View>
      </View>
    </View>
    <View
      onLayout={[Function]}
      style={null}
    >
      <View
        accessible={true}
        focusable={true}
        onClick={[Function]}
        onResponderGrant={[Function]}
        onResponderMove={[Function]}
        onResponderRelease={[Function]}
        onResponderTerminate={[Function]}
        onResponderTerminationRequest={[Function]}
        onStartShouldSetResponder={[Function]}
        style={
          Array [
            false,
            Array [
              Object {
                "padding": 8,
              },
              undefined,
            ],
          ]
        }
      >
        <View
          style={
            Object {
              "flexDirection": "row",
            }
          }
        >
          <View
            pointerEvents="box-none"
            style={
              Array [
                Object {
                  "alignItems": "center",
                  "height": 40,
                  "justifyContent": "center",
                  "margin": 8,
                  "width": 40,
                },
                undefined,
              ]
            }
          >
            <Image
              accessibilityElementsHidden={true}
              importantForAccessibility="no-hide-descendants"
              source={
                Object {
                  "uri": "garry_baldy.gif",
                }
              }
              style={
                Array [
                  Object {
                    "transform": Array [
                      Object {
                        "scaleX": 1,
                      },
                    ],
                  },
                  Object {
                    "height": 24,
                    "resizeMode": "contain",
                    "tintColor": undefined,
                    "width": 24,
                  },
                ]
              }
            />
          </View>
          <View
            style={
              Array [
                Object {
                  "marginVertical": 6,
                  "paddingLeft": 8,
                },
                Object {
                  "flex": 1,
                  "justifyContent": "center",
                },
              ]
            }
          >
            <Text
              numberOfLines={1}
              style={
                Array [
                  Object {
                    "color": "#000000",
                    "fontFamily": "System",
                    "fontWeight": "400",
                    "textAlign": "left",
                  },
                  Array [
                    Object {
                      "fontSize": 16,
                    },
                    Object {
                      "color": "rgba(0, 0, 0, 0.87)",
                    },
                    undefined,
                  ],
                ]
              }
            >
              Garry Baldy
            </Text>
          </View>
        </View>
      </View>
    </View>
    <View
      onLayout={[Function]}
      style={null}
    >
      <View
        accessible={true}
        focusable={true}
        onClick={[Function]}
        onResponderGrant={[Function]}
        onResponderMove={[Function]}
        onResponderRelease={[Function]}
        onResponderTerminate={[Function]}
        onResponderTerminationRequest={[Function]}
        onStartShouldSetResponder={[Function]}
        style={
          Array [
            false,
            Array [
              Object {
                "padding": 8,
              },
              undefined,
            ],
          ]
        }
      >
        <View
          style={
            Object {
              "flexDirection": "row",
            }
          }
        >
          <View
            pointerEvents="box-none"
            style={
              Array [
                Object {
                  "alignItems": "center",
                  "height": 40,
                  "justifyContent": "center",
                  "margin": 8,
                  "width": 40,
                },
                undefined,
              ]
            }
          >
            <Image
              accessibilityElementsHidden={true}
              importantForAccessibility="no-hide-descendants"
              source={
                Object {
                  "uri": "tessa_tickle.jpg",
                }
              }
              style={
                Array [
                  Object {
                    "transform": Array [
                      Object {
                        "scaleX": 1,
                      },
                    ],
                  },
                  Object {
                    "height": 24,
                    "resizeMode": "contain",
                    "tintColor": undefined,
                    "width": 24,
                  },
                ]
              }
            />
          </View>
          <View
            style={
              Array [
                Object {
                  "marginVertical": 6,
                  "paddingLeft": 8,
                },
                Object {
                  "flex": 1,
                  "justifyContent": "center",
                },
              ]
            }
          >
            <Text
              numberOfLines={1}
              style={
                Array [
                  Object {
                    "color": "#000000",
                    "fontFamily": "System",
                    "fontWeight": "400",
                    "textAlign": "left",
                  },
                  Array [
                    Object {
                      "fontSize": 16,
                    },
                    Object {
                      "color": "rgba(0, 0, 0, 0.87)",
                    },
                    undefined,
                  ],
                ]
              }
            >
              Tessa Tickle
            </Text>
          </View>
        </View>
      </View>
    </View>
  </View>
</RCTScrollView>
`;

exports[`renders-loading 1`] = `
<View>
  <ActivityIndicator
    animating={true}
    color="#999999"
    hidesWhenStopped={true}
    size="large"
    style={
      Object {
        "flex": 1,
        "margin": 50,
      }
    }
  />
  <Text
    style={
      Array [
        Object {
          "color": "#000000",
          "fontFamily": "System",
          "fontWeight": "400",
          "textAlign": "left",
        },
        Object {
          "flex": 0,
          "fontSize": 20,
          "fontWeight": "bold",
          "padding": 20,
          "textAlign": "center",
          "width": "100%",
        },
      ]
    }
  >
    Loading top talent...
  </Text>
</View>
`;
